[2026-08-14T00:00:12] INFO  Application started on port 5000
[2026-08-14T00:00:12] INFO  Database connection pool initialized (max=20)
[2026-08-14T00:00:13] INFO  Loading risk engine rules... 4 rules loaded
[2026-08-14T00:00:14] DEBUG Cache warmed with 1,204 endpoint records
[2026-08-14T00:01:02] INFO  GET /dashboard 200 — 142ms
[2026-08-14T00:01:05] INFO  GET /api/findings?page=1 200 — 88ms
[2026-08-14T00:02:15] WARNING Request latency exceeded threshold: GET /api/endpoints 1,240ms
[2026-08-14T00:02:44] ERROR  Database connection timeout after 30s — retrying (attempt 1/3)
[2026-08-14T00:02:47] ERROR  Database connection timeout after 30s — retrying (attempt 2/3)
[2026-08-14T00:02:50] INFO  Database connection re-established on attempt 3
[2026-08-14T00:03:10] WARNING Memory usage at 78% (3.1GB / 4GB)
[2026-08-14T00:04:22] INFO  POST /api/cicd/run 200 — 2,104ms
[2026-08-14T00:05:00] ERROR  Failed login attempt for user 'admin' from 192.168.1.105
[2026-08-14T00:05:01] ERROR  Failed login attempt for user 'admin' from 192.168.1.105
[2026-08-14T00:05:02] ERROR  Failed login attempt for user 'admin' from 192.168.1.105
[2026-08-14T00:05:03] WARNING Brute force detection: 3 failed attempts from 192.168.1.105 in 3s
[2026-08-14T00:05:03] CRITICAL Suspicious activity: possible brute force attack from 192.168.1.105
[2026-08-14T00:06:11] INFO  GET /dashboard 200 — 95ms
[2026-08-14T00:07:30] WARNING Disk usage at 85% on /var/log
[2026-08-14T00:08:00] ERROR  Request timeout: POST /api/risk/evaluate — gateway timeout after 60s
[2026-08-14T00:08:45] INFO  CI/CD pipeline run abc1234 completed — status: passed
[2026-08-14T00:09:12] ERROR  Permission denied: user 'readonly' attempted write on /api/deployments/start
[2026-08-14T00:10:00] INFO  Health check passed — all systems operational
[2026-08-14T00:11:30] WARNING SSL certificate expiring in 14 days for api.falconeye.local
[2026-08-14T00:12:00] ERROR  Database connection refused — connection pool exhausted
[2026-08-14T00:12:05] CRITICAL Database connection pool exhausted. Active: 20/20, Waiting: 8
[2026-08-14T00:12:15] INFO  Emergency pool expansion: max connections increased to 30
[2026-08-14T00:13:00] INFO  GET /endpoints 200 — 210ms
[2026-08-14T00:14:22] WARNING Rate limit approaching for API key 'ext-scanner-01' (480/500 req/min)
[2026-08-14T00:15:00] ERROR  Failed login attempt for user 'svc-account' from 10.0.0.55
[2026-08-14T00:15:30] INFO  Deployment a1b2c3d4 started — version 2.3.0 to prod
[2026-08-14T00:16:00] INFO  Deployment a1b2c3d4 — health check passed
[2026-08-14T00:16:10] INFO  Deployment a1b2c3d4 completed successfully (duration: 755s)
[2026-08-14T00:17:00] ERROR  Unexpected error in risk_engine.evaluate_release: KeyError 'canary_error_rate'
[2026-08-14T00:17:01] WARNING Falling back to default canary_error_rate=1.0
[2026-08-14T00:18:00] DEBUG Garbage collection: freed 128MB in 45ms
[2026-08-14T00:19:00] INFO  Scheduled job: stale-alert-cleanup completed — removed 23 alerts older than 90d
[2026-08-14T00:20:00] ERROR  Connection timeout: SIEM connector lost connection to 10.0.1.200:9200
[2026-08-14T00:20:30] WARNING SIEM connector: reconnecting (attempt 1/5)
[2026-08-14T00:20:45] INFO  SIEM connector: reconnected to 10.0.1.200:9200
[2026-08-14T00:21:00] CRITICAL Out of memory warning: process RSS at 3.8GB approaching 4GB limit
[2026-08-14T00:21:05] WARNING Initiating emergency memory cleanup
[2026-08-14T00:21:10] INFO  Memory cleanup completed: freed 800MB, current usage 3.0GB
[2026-08-14T00:22:00] INFO  GET /api/findings?severity=critical 200 — 67ms
[2026-08-14T00:23:00] ERROR  SQL injection attempt detected in query parameter: id=1 OR 1=1
[2026-08-14T00:23:00] CRITICAL Suspicious activity: SQL injection attempt blocked from 203.0.113.42
[2026-08-14T00:24:00] INFO  Threat intel feed updated: 1,204 new IOCs ingested
[2026-08-14T00:25:00] INFO  Health check passed — all systems operational
[2026-08-14T00:26:00] WARNING Endpoint DESKTOP-UX892 agent heartbeat missed (last seen 12m ago)
[2026-08-14T00:27:00] ERROR  Failed to send alert notification via email — SMTP connection refused
[2026-08-14T00:28:00] INFO  Alert auto-assignment: 5 new critical alerts assigned to L3 team
